// Jest Snapshot v1, https://goo.gl/fbAQLP

exports[`Medication List Item should render according to snapshot 1`] = `
.c0 {
  -webkit-flex: 1;
  -ms-flex: 1;
  flex: 1;
  display: -webkit-box;
  display: -webkit-flex;
  display: -ms-flexbox;
  display: flex;
  -webkit-flex-direction: column;
  -ms-flex-direction: column;
  flex-direction: column;
}

.c1 {
  height: 65px;
  border-radius: 4px;
  display: -webkit-box;
  display: -webkit-flex;
  display: -ms-flexbox;
  display: flex;
  -webkit-flex-direction: row;
  -ms-flex-direction: row;
  flex-direction: row;
  -webkit-box-pack: justify;
  -webkit-justify-content: space-between;
  -ms-flex-pack: justify;
  justify-content: space-between;
  -webkit-align-items: center;
  -webkit-box-align: center;
  -ms-flex-align: center;
  align-items: center;
}

.c4 {
  font-size: 0.9rem;
  margin-bottom: 0.5rem;
  color: var(--text-label-color);
}

.c3 {
  -webkit-flex: 1;
  -ms-flex: 1;
  flex: 1;
  display: -webkit-box;
  display: -webkit-flex;
  display: -ms-flexbox;
  display: flex;
  -webkit-flex-direction: column;
  -ms-flex-direction: column;
  flex-direction: column;
  -webkit-box-pack: center;
  -webkit-justify-content: center;
  -ms-flex-pack: center;
  justify-content: center;
  -webkit-align-items: flex-start;
  -webkit-box-align: flex-start;
  -ms-flex-align: flex-start;
  align-items: flex-start;
}

.c5 {
  -webkit-flex: 1;
  -ms-flex: 1;
  flex: 1;
  display: -webkit-box;
  display: -webkit-flex;
  display: -ms-flexbox;
  display: flex;
  -webkit-flex-direction: column;
  -ms-flex-direction: column;
  flex-direction: column;
  -webkit-box-pack: space-evenly;
  -webkit-justify-content: space-evenly;
  -ms-flex-pack: space-evenly;
  justify-content: space-evenly;
  -webkit-align-items: flex-end;
  -webkit-box-align: flex-end;
  -ms-flex-align: flex-end;
  align-items: flex-end;
}

.c2 {
  height: 65px;
  border-radius: 4px;
  border: 1px solid #ccc;
  display: -webkit-box;
  display: -webkit-flex;
  display: -ms-flexbox;
  display: flex;
  -webkit-flex-direction: row;
  -ms-flex-direction: row;
  flex-direction: row;
  padding: 0 1rem;
  margin-bottom: 1rem;
}

.c2:hover {
  cursor: pointer;
}

.c6 {
  height: 45px;
  padding: 0 1rem;
  font-size: 1.2rem;
  border: none;
  border-radius: 4px;
  display: -webkit-box;
  display: -webkit-flex;
  display: -ms-flexbox;
  display: flex;
  -webkit-flex-direction: row;
  -ms-flex-direction: row;
  flex-direction: row;
  -webkit-align-items: center;
  -webkit-box-align: center;
  -ms-flex-align: center;
  align-items: center;
  -webkit-box-pack: center;
  -webkit-justify-content: center;
  -ms-flex-pack: center;
  justify-content: center;
  -webkit-transition: background-color 250ms;
  transition: background-color 250ms;
  min-width: 120px;
  background-color: var(--primary-color);
  color: #fff;
  min-width: 85px;
  width: 85px;
}

.c6:hover {
  cursor: pointer;
  background-color: var(--primary-alt-color);
}

.c6:focus {
  outline: none;
}

<div>
  <div
    class="c0"
  >
    <div
      class="c1"
    >
      My Medications
    </div>
    <div
      class="c2"
    >
      <div
        class="c3"
      >
        <span
          class="c4"
        >
          Medication
        </span>
        <span>
          Medication 1
        </span>
      </div>
      <div
        class="c3"
      >
        <span
          class="c4"
        >
          Dosage
        </span>
        <span>
          1 Tablet
        </span>
      </div>
      <div
        class="c3"
      >
        <span
          class="c4"
        >
          Frequency
        </span>
        <span>
          1/day
        </span>
      </div>
      <div
        class="c3"
      >
        <span
          class="c4"
        >
          Cost
        </span>
        <span>
          $5
        </span>
      </div>
      <div
        class="c5"
      >
        <button
          class="c6"
        >
          Edit
        </button>
      </div>
    </div>
    <div
      class="c2"
    >
      <div
        class="c3"
      >
        <span
          class="c4"
        >
          Medication
        </span>
        <span>
          Medication 2
        </span>
      </div>
      <div
        class="c3"
      >
        <span
          class="c4"
        >
          Dosage
        </span>
        <span>
          2 Tablets
        </span>
      </div>
      <div
        class="c3"
      >
        <span
          class="c4"
        >
          Frequency
        </span>
        <span>
          1/week
        </span>
      </div>
      <div
        class="c3"
      >
        <span
          class="c4"
        >
          Cost
        </span>
        <span>
          $10
        </span>
      </div>
      <div
        class="c5"
      >
        <button
          class="c6"
        >
          Edit
        </button>
      </div>
    </div>
    <div
      class="c2"
    >
      <div
        class="c3"
      >
        <span
          class="c4"
        >
          Medication
        </span>
        <span>
          Medication 3
        </span>
      </div>
      <div
        class="c3"
      >
        <span
          class="c4"
        >
          Dosage
        </span>
        <span>
          3 Tablets
        </span>
      </div>
      <div
        class="c3"
      >
        <span
          class="c4"
        >
          Frequency
        </span>
        <span>
          12/year
        </span>
      </div>
      <div
        class="c3"
      >
        <span
          class="c4"
        >
          Cost
        </span>
        <span>
          $15
        </span>
      </div>
      <div
        class="c5"
      >
        <button
          class="c6"
        >
          Edit
        </button>
      </div>
    </div>
  </div>
</div>
`;
