// Jest Snapshot v1, https://goo.gl/fbAQLP

exports[`AddAppointmentModal should render according to snapshot 1`] = `
.c8 {
  height: 45px;
  padding: 0 1rem;
  font-size: 1.2rem;
  border: none;
  border-radius: 4px;
  display: -webkit-box;
  display: -webkit-flex;
  display: -ms-flexbox;
  display: flex;
  -webkit-flex-direction: row;
  -ms-flex-direction: row;
  flex-direction: row;
  -webkit-align-items: center;
  -webkit-box-align: center;
  -ms-flex-align: center;
  align-items: center;
  -webkit-box-pack: center;
  -webkit-justify-content: center;
  -ms-flex-pack: center;
  justify-content: center;
  -webkit-transition: background-color 250ms;
  transition: background-color 250ms;
  min-width: 120px;
  background-color: var(--primary-color);
  color: #fff;
}

.c8:hover {
  cursor: pointer;
  background-color: var(--primary-alt-color);
}

.c8:focus {
  outline: none;
}

.c1 {
  background: #fff;
  border-radius: 4px;
  min-height: 450px;
  width: 80%;
  max-width: 800px;
  display: -webkit-box;
  display: -webkit-flex;
  display: -ms-flexbox;
  display: flex;
  -webkit-flex-direction: column;
  -ms-flex-direction: column;
  flex-direction: column;
}

.c2 {
  height: 45px;
  display: -webkit-box;
  display: -webkit-flex;
  display: -ms-flexbox;
  display: flex;
  -webkit-flex-direction: row;
  -ms-flex-direction: row;
  flex-direction: row;
  -webkit-box-pack: justify;
  -webkit-justify-content: space-between;
  -ms-flex-pack: justify;
  justify-content: space-between;
  -webkit-align-items: center;
  -webkit-box-align: center;
  -ms-flex-align: center;
  align-items: center;
  padding: 0 1rem;
  font-size: 1.2rem;
  color: #999;
}

.c5 {
  display: -webkit-box;
  display: -webkit-flex;
  display: -ms-flexbox;
  display: flex;
  -webkit-flex-direction: column;
  -ms-flex-direction: column;
  flex-direction: column;
  -webkit-align-items: stretch;
  -webkit-box-align: stretch;
  -ms-flex-align: stretch;
  align-items: stretch;
  -webkit-box-pack: start;
  -webkit-justify-content: flex-start;
  -ms-flex-pack: start;
  justify-content: flex-start;
  margin-bottom: 2rem;
}

.c6 {
  color: #999;
  font-size: 1.1rem;
  margin-bottom: 5px;
}

.c7 {
  border: 1px solid #ccc;
  border-radius: 4px;
  background: #fff;
  font-size: 1.2rem;
  color: #666;
  padding-left: 12px;
  height: 45px;
}

.c4 {
  display: -webkit-box;
  display: -webkit-flex;
  display: -ms-flexbox;
  display: flex;
  -webkit-flex-direction: column;
  -ms-flex-direction: column;
  flex-direction: column;
}

.c0 {
  background: linear-gradient(transparent,rgba(0,0,0,0.7));
  -webkit-flex: 1;
  -ms-flex: 1;
  flex: 1;
  display: -webkit-box;
  display: -webkit-flex;
  display: -ms-flexbox;
  display: flex;
  -webkit-flex-direction: column;
  -ms-flex-direction: column;
  flex-direction: column;
  position: absolute;
  top: 0;
  left: 0;
  width: 100%;
  height: 100%;
  -webkit-box-pack: center;
  -webkit-justify-content: center;
  -ms-flex-pack: center;
  justify-content: center;
  -webkit-align-items: flex-end;
  -webkit-box-align: flex-end;
  -ms-flex-align: flex-end;
  align-items: flex-end;
}

.c3 {
  -webkit-flex: 1;
  -ms-flex: 1;
  flex: 1;
  padding: 1rem 1rem;
  display: -webkit-box;
  display: -webkit-flex;
  display: -ms-flexbox;
  display: flex;
  -webkit-flex-direction: column;
  -ms-flex-direction: column;
  flex-direction: column;
  -webkit-box-pack: end;
  -webkit-justify-content: flex-end;
  -ms-flex-pack: end;
  justify-content: flex-end;
}

@media screen and (min-width:720px) {
  .c0 {
    -webkit-align-items: center;
    -webkit-box-align: center;
    -ms-flex-align: center;
    align-items: center;
  }
}

<div>
  <div
    class="c0"
  >
    <div
      class="c1"
    >
      <div
        class="c2"
      >
        New Appointment
      </div>
      <div
        class="c3"
      >
        <form
          class="c4"
        >
          <div
            class="c5"
          >
            <span
              class="c6"
            >
              Doctor
            </span>
            <input
              aria-label="Doctor-input"
              class="c7"
              name="doctor"
              type="text"
              value=""
            />
          </div>
          <div
            class="c5"
          >
            <span
              class="c6"
            >
              Date
            </span>
            <input
              aria-label="Date-input"
              class="c7"
              name="date"
              type="date"
              value=""
            />
          </div>
          <div
            class="c5"
          >
            <span
              class="c6"
            >
              Time
            </span>
            <input
              aria-label="Time-input"
              class="c7"
              name="time"
              type="time"
              value=""
            />
          </div>
          <div
            class="c5"
          >
            <span
              class="c6"
            >
              Location
            </span>
            <input
              aria-label="Location-input"
              class="c7"
              name="location"
              type="text"
              value=""
            />
          </div>
          <button
            class="c8"
            type="submit"
          >
            Add Appointment
          </button>
        </form>
      </div>
    </div>
  </div>
</div>
`;
