// Jest Snapshot v1, https://goo.gl/fbAQLP

exports[`Button should render according to snapshot 1`] = `
.c0 {
  height: 45px;
  padding: 0 1rem;
  font-size: 1.2rem;
  border: none;
  border-radius: 4px;
  display: -webkit-box;
  display: -webkit-flex;
  display: -ms-flexbox;
  display: flex;
  -webkit-flex-direction: row;
  -ms-flex-direction: row;
  flex-direction: row;
  -webkit-align-items: center;
  -webkit-box-align: center;
  -ms-flex-align: center;
  align-items: center;
  -webkit-box-pack: center;
  -webkit-justify-content: center;
  -ms-flex-pack: center;
  justify-content: center;
  -webkit-transition: background-color 250ms;
  transition: background-color 250ms;
}

.c0:hover {
  cursor: pointer;
  background-color: var(--primary-alt-color);
}

.c0:focus {
  outline: none;
}

<div>
  <button
    class="c0"
  >
    Some Text
  </button>
</div>
`;
